// Jest Snapshot v1, https://goo.gl/fbAQLP

exports[`Should render DashboardPage 1`] = `
<div>
  Dashboard Page
</div>
`;
